c:\users\jasmine\downloads\pointlight-main\directx\project\source\x64\debug\source_d.pch
c:\users\jasmine\downloads\pointlight-main\directx\external\library\source\source_d.pdb
c:\users\jasmine\downloads\pointlight-main\directx\external\library\source\source_d.idb
c:\users\jasmine\downloads\pointlight-main\directx\project\source\x64\debug\pch.obj
c:\users\jasmine\downloads\pointlight-main\directx\project\source\x64\debug\source.obj
c:\users\jasmine\downloads\pointlight-main\directx\project\source\x64\debug\cplayerscript.obj
c:\users\jasmine\downloads\pointlight-main\directx\project\source\x64\debug\cmonsterscript.obj
c:\users\jasmine\downloads\pointlight-main\directx\project\source\x64\debug\cmissilescript.obj
c:\users\jasmine\downloads\pointlight-main\directx\project\source\x64\debug\ccameramovescript.obj
c:\users\jasmine\downloads\pointlight-main\directx\project\source\x64\debug\scriptmgr.obj
c:\users\jasmine\downloads\pointlight-main\directx\external\library\source\source_d.lib
c:\users\jasmine\desktop\a\pointlightnormal\pointlight-main\directx\project\source\x64\debug\ccameramovescript.obj
c:\users\jasmine\desktop\a\pointlightnormal\pointlight-main\directx\project\source\x64\debug\cmissilescript.obj
c:\users\jasmine\desktop\a\pointlightnormal\pointlight-main\directx\project\source\x64\debug\cmonsterscript.obj
c:\users\jasmine\desktop\a\pointlightnormal\pointlight-main\directx\project\source\x64\debug\cplayerscript.obj
c:\users\jasmine\desktop\a\pointlightnormal\pointlight-main\directx\project\source\x64\debug\pch.obj
c:\users\jasmine\desktop\a\pointlightnormal\pointlight-main\directx\project\source\x64\debug\scriptmgr.obj
c:\users\jasmine\desktop\a\pointlightnormal\pointlight-main\directx\project\source\x64\debug\source.obj
c:\users\jasmine\desktop\a\pointlightnormal\pointlight-main\directx\project\source\x64\debug\source_d.pch
c:\users\jasmine\desktop\a\pointlightnormal\pointlight-main\directx\external\library\source\source_d.pdb
c:\users\jasmine\desktop\a\pointlightnormal\pointlight-main\directx\external\library\source\source_d.lib
c:\users\jasmine\desktop\a\pointlightnormal\pointlight-main\directx\project\source\x64\debug\source.tlog\cl.command.1.tlog
c:\users\jasmine\desktop\a\pointlightnormal\pointlight-main\directx\project\source\x64\debug\source.tlog\cl.items.tlog
c:\users\jasmine\desktop\a\pointlightnormal\pointlight-main\directx\project\source\x64\debug\source.tlog\cl.read.1.tlog
c:\users\jasmine\desktop\a\pointlightnormal\pointlight-main\directx\project\source\x64\debug\source.tlog\cl.write.1.tlog
c:\users\jasmine\desktop\a\pointlightnormal\pointlight-main\directx\project\source\x64\debug\source.tlog\lib-link.read.1.tlog
c:\users\jasmine\desktop\a\pointlightnormal\pointlight-main\directx\project\source\x64\debug\source.tlog\lib-link.write.1.tlog
c:\users\jasmine\desktop\a\pointlightnormal\pointlight-main\directx\project\source\x64\debug\source.tlog\lib.command.1.tlog
