c:\users\jasmine\downloads\pointlight-main\directx\project\client\x64\debug\mygame.pch
c:\users\jasmine\downloads\pointlight-main\directx\project\client\x64\debug\vc143.pdb
c:\users\jasmine\downloads\pointlight-main\directx\project\client\x64\debug\vc143.idb
c:\users\jasmine\downloads\pointlight-main\directx\project\client\x64\debug\pch.obj
c:\users\jasmine\downloads\pointlight-main\directx\project\client\x64\debug\imgui_tables.obj
c:\users\jasmine\downloads\pointlight-main\directx\project\client\x64\debug\imgui_impl_win32.obj
c:\users\jasmine\downloads\pointlight-main\directx\project\client\x64\debug\imgui_impl_dx11.obj
c:\users\jasmine\downloads\pointlight-main\directx\project\client\x64\debug\imgui_draw.obj
c:\users\jasmine\downloads\pointlight-main\directx\project\client\x64\debug\imgui_demo.obj
c:\users\jasmine\downloads\pointlight-main\directx\project\client\x64\debug\imgui.obj
c:\users\jasmine\downloads\pointlight-main\directx\project\client\x64\debug\graphicshaderui.obj
c:\users\jasmine\downloads\pointlight-main\directx\project\client\x64\debug\gameobjectex.obj
c:\users\jasmine\downloads\pointlight-main\directx\project\client\x64\debug\flipbookui.obj
c:\users\jasmine\downloads\pointlight-main\directx\project\client\x64\debug\editorui.obj
c:\users\jasmine\downloads\pointlight-main\directx\project\client\x64\debug\editormgr_ui.obj
c:\users\jasmine\downloads\pointlight-main\directx\project\client\x64\debug\editormgr_obj.obj
c:\users\jasmine\downloads\pointlight-main\directx\project\client\x64\debug\editormgr.obj
c:\users\jasmine\downloads\pointlight-main\directx\project\client\x64\debug\contentui.obj
c:\users\jasmine\downloads\pointlight-main\directx\project\client\x64\debug\computeshaderui.obj
c:\users\jasmine\downloads\pointlight-main\directx\project\client\x64\debug\componentui.obj
c:\users\jasmine\downloads\pointlight-main\directx\project\client\x64\debug\collider2dui.obj
c:\users\jasmine\downloads\pointlight-main\directx\project\client\x64\debug\ceditorcammovescript.obj
c:\users\jasmine\downloads\pointlight-main\directx\project\client\x64\debug\cameraui.obj
c:\users\jasmine\downloads\pointlight-main\directx\project\client\x64\debug\assetui.obj
c:\users\jasmine\downloads\pointlight-main\directx\project\client\x64\debug\textureui.obj
c:\users\jasmine\downloads\pointlight-main\directx\project\client\x64\debug\testlevel.obj
c:\users\jasmine\downloads\pointlight-main\directx\project\client\x64\debug\spriteui.obj
c:\users\jasmine\downloads\pointlight-main\directx\project\client\x64\debug\soundui.obj
c:\users\jasmine\downloads\pointlight-main\directx\project\client\x64\debug\scriptui.obj
c:\users\jasmine\downloads\pointlight-main\directx\project\client\x64\debug\rendercomponentui.obj
c:\users\jasmine\downloads\pointlight-main\directx\project\client\x64\debug\prefabui.obj
c:\users\jasmine\downloads\pointlight-main\directx\project\client\x64\debug\outliner.obj
c:\users\jasmine\downloads\pointlight-main\directx\project\client\x64\debug\meshui.obj
c:\users\jasmine\downloads\pointlight-main\directx\project\client\x64\debug\meshrenderui.obj
c:\users\jasmine\downloads\pointlight-main\directx\project\client\x64\debug\meshdataui.obj
c:\users\jasmine\downloads\pointlight-main\directx\project\client\x64\debug\materialui.obj
c:\users\jasmine\downloads\pointlight-main\directx\project\client\x64\debug\mainmenu.obj
c:\users\jasmine\downloads\pointlight-main\directx\project\client\x64\debug\main.obj
c:\users\jasmine\downloads\pointlight-main\directx\project\client\x64\debug\listui.obj
c:\users\jasmine\downloads\pointlight-main\directx\project\client\x64\debug\light3dui.obj
c:\users\jasmine\downloads\pointlight-main\directx\project\client\x64\debug\light2dui.obj
c:\users\jasmine\downloads\pointlight-main\directx\project\client\x64\debug\levelui.obj
c:\users\jasmine\downloads\pointlight-main\directx\project\client\x64\debug\inspector.obj
c:\users\jasmine\downloads\pointlight-main\directx\project\client\x64\debug\imgui_widgets.obj
c:\users\jasmine\downloads\pointlight-main\directx\project\client\x64\debug\treeui.obj
c:\users\jasmine\downloads\pointlight-main\directx\project\client\x64\debug\transformui.obj
c:\users\jasmine\downloads\pointlight-main\directx\outputfile\bin\mygame.exe
c:\users\jasmine\downloads\pointlight-main\directx\outputfile\bin\mygame.pdb
c:\users\jasmine\downloads\pointlight-main\directx\project\client\x64\debug\client.res
c:\users\jasmine\downloads\pointlight-main\directx\project\client\x64\debug\mygame.ilk
c:\users\jasmine\desktop\a\pointlightnormal\pointlight-main\directx\project\client\x64\debug\assetui.obj
c:\users\jasmine\desktop\a\pointlightnormal\pointlight-main\directx\project\client\x64\debug\cameraui.obj
c:\users\jasmine\desktop\a\pointlightnormal\pointlight-main\directx\project\client\x64\debug\ceditorcammovescript.obj
c:\users\jasmine\desktop\a\pointlightnormal\pointlight-main\directx\project\client\x64\debug\collider2dui.obj
c:\users\jasmine\desktop\a\pointlightnormal\pointlight-main\directx\project\client\x64\debug\componentui.obj
c:\users\jasmine\desktop\a\pointlightnormal\pointlight-main\directx\project\client\x64\debug\computeshaderui.obj
c:\users\jasmine\desktop\a\pointlightnormal\pointlight-main\directx\project\client\x64\debug\contentui.obj
c:\users\jasmine\desktop\a\pointlightnormal\pointlight-main\directx\project\client\x64\debug\editormgr.obj
c:\users\jasmine\desktop\a\pointlightnormal\pointlight-main\directx\project\client\x64\debug\editormgr_obj.obj
c:\users\jasmine\desktop\a\pointlightnormal\pointlight-main\directx\project\client\x64\debug\editormgr_ui.obj
c:\users\jasmine\desktop\a\pointlightnormal\pointlight-main\directx\project\client\x64\debug\editorui.obj
c:\users\jasmine\desktop\a\pointlightnormal\pointlight-main\directx\project\client\x64\debug\flipbookui.obj
c:\users\jasmine\desktop\a\pointlightnormal\pointlight-main\directx\project\client\x64\debug\gameobjectex.obj
c:\users\jasmine\desktop\a\pointlightnormal\pointlight-main\directx\project\client\x64\debug\graphicshaderui.obj
c:\users\jasmine\desktop\a\pointlightnormal\pointlight-main\directx\project\client\x64\debug\imgui.obj
c:\users\jasmine\desktop\a\pointlightnormal\pointlight-main\directx\project\client\x64\debug\imgui_demo.obj
c:\users\jasmine\desktop\a\pointlightnormal\pointlight-main\directx\project\client\x64\debug\imgui_draw.obj
c:\users\jasmine\desktop\a\pointlightnormal\pointlight-main\directx\project\client\x64\debug\imgui_impl_dx11.obj
c:\users\jasmine\desktop\a\pointlightnormal\pointlight-main\directx\project\client\x64\debug\imgui_impl_win32.obj
c:\users\jasmine\desktop\a\pointlightnormal\pointlight-main\directx\project\client\x64\debug\imgui_tables.obj
c:\users\jasmine\desktop\a\pointlightnormal\pointlight-main\directx\project\client\x64\debug\imgui_widgets.obj
c:\users\jasmine\desktop\a\pointlightnormal\pointlight-main\directx\project\client\x64\debug\inspector.obj
c:\users\jasmine\desktop\a\pointlightnormal\pointlight-main\directx\project\client\x64\debug\levelui.obj
c:\users\jasmine\desktop\a\pointlightnormal\pointlight-main\directx\project\client\x64\debug\light2dui.obj
c:\users\jasmine\desktop\a\pointlightnormal\pointlight-main\directx\project\client\x64\debug\light3dui.obj
c:\users\jasmine\desktop\a\pointlightnormal\pointlight-main\directx\project\client\x64\debug\listui.obj
c:\users\jasmine\desktop\a\pointlightnormal\pointlight-main\directx\project\client\x64\debug\main.obj
c:\users\jasmine\desktop\a\pointlightnormal\pointlight-main\directx\project\client\x64\debug\mainmenu.obj
c:\users\jasmine\desktop\a\pointlightnormal\pointlight-main\directx\project\client\x64\debug\materialui.obj
c:\users\jasmine\desktop\a\pointlightnormal\pointlight-main\directx\project\client\x64\debug\meshdataui.obj
c:\users\jasmine\desktop\a\pointlightnormal\pointlight-main\directx\project\client\x64\debug\meshrenderui.obj
c:\users\jasmine\desktop\a\pointlightnormal\pointlight-main\directx\project\client\x64\debug\meshui.obj
c:\users\jasmine\desktop\a\pointlightnormal\pointlight-main\directx\project\client\x64\debug\outliner.obj
c:\users\jasmine\desktop\a\pointlightnormal\pointlight-main\directx\project\client\x64\debug\pch.obj
c:\users\jasmine\desktop\a\pointlightnormal\pointlight-main\directx\project\client\x64\debug\prefabui.obj
c:\users\jasmine\desktop\a\pointlightnormal\pointlight-main\directx\project\client\x64\debug\rendercomponentui.obj
c:\users\jasmine\desktop\a\pointlightnormal\pointlight-main\directx\project\client\x64\debug\scriptui.obj
c:\users\jasmine\desktop\a\pointlightnormal\pointlight-main\directx\project\client\x64\debug\soundui.obj
c:\users\jasmine\desktop\a\pointlightnormal\pointlight-main\directx\project\client\x64\debug\spriteui.obj
c:\users\jasmine\desktop\a\pointlightnormal\pointlight-main\directx\project\client\x64\debug\testlevel.obj
c:\users\jasmine\desktop\a\pointlightnormal\pointlight-main\directx\project\client\x64\debug\textureui.obj
c:\users\jasmine\desktop\a\pointlightnormal\pointlight-main\directx\project\client\x64\debug\transformui.obj
c:\users\jasmine\desktop\a\pointlightnormal\pointlight-main\directx\project\client\x64\debug\treeui.obj
c:\users\jasmine\desktop\a\pointlightnormal\pointlight-main\directx\project\client\x64\debug\mygame.ilk
c:\users\jasmine\desktop\a\pointlightnormal\pointlight-main\directx\project\client\x64\debug\client.res
c:\users\jasmine\desktop\a\pointlightnormal\pointlight-main\directx\project\client\x64\debug\mygame.pch
c:\users\jasmine\desktop\a\pointlightnormal\pointlight-main\directx\project\client\x64\debug\vc143.idb
c:\users\jasmine\desktop\a\pointlightnormal\pointlight-main\directx\project\client\x64\debug\vc143.pdb
c:\users\jasmine\desktop\a\pointlightnormal\pointlight-main\directx\outputfile\bin\mygame.pdb
c:\users\jasmine\desktop\a\pointlightnormal\pointlight-main\directx\outputfile\bin\mygame.exe
c:\users\jasmine\desktop\a\pointlightnormal\pointlight-main\directx\project\client\x64\debug\client.tlog\cl.command.1.tlog
c:\users\jasmine\desktop\a\pointlightnormal\pointlight-main\directx\project\client\x64\debug\client.tlog\cl.items.tlog
c:\users\jasmine\desktop\a\pointlightnormal\pointlight-main\directx\project\client\x64\debug\client.tlog\cl.read.1.tlog
c:\users\jasmine\desktop\a\pointlightnormal\pointlight-main\directx\project\client\x64\debug\client.tlog\cl.write.1.tlog
c:\users\jasmine\desktop\a\pointlightnormal\pointlight-main\directx\project\client\x64\debug\client.tlog\link.command.1.tlog
c:\users\jasmine\desktop\a\pointlightnormal\pointlight-main\directx\project\client\x64\debug\client.tlog\link.read.1.tlog
c:\users\jasmine\desktop\a\pointlightnormal\pointlight-main\directx\project\client\x64\debug\client.tlog\link.secondary.1.tlog
c:\users\jasmine\desktop\a\pointlightnormal\pointlight-main\directx\project\client\x64\debug\client.tlog\link.write.1.tlog
c:\users\jasmine\desktop\a\pointlightnormal\pointlight-main\directx\project\client\x64\debug\client.tlog\rc.command.1.tlog
c:\users\jasmine\desktop\a\pointlightnormal\pointlight-main\directx\project\client\x64\debug\client.tlog\rc.read.1.tlog
c:\users\jasmine\desktop\a\pointlightnormal\pointlight-main\directx\project\client\x64\debug\client.tlog\rc.write.1.tlog
