c:\users\jasmine\downloads\pointlight-main\directx\project\engine\x64\debug\engine_d.pch
c:\users\jasmine\downloads\pointlight-main\directx\external\library\engine\engine_d.pdb
c:\users\jasmine\downloads\pointlight-main\directx\external\library\engine\engine_d.idb
c:\users\jasmine\downloads\pointlight-main\directx\project\engine\x64\debug\pch.obj
c:\users\jasmine\downloads\pointlight-main\directx\project\engine\x64\debug\ccamera.obj
c:\users\jasmine\downloads\pointlight-main\directx\project\engine\x64\debug\canimator3d.obj
c:\users\jasmine\downloads\pointlight-main\directx\project\engine\x64\debug\atexture.obj
c:\users\jasmine\downloads\pointlight-main\directx\project\engine\x64\debug\assetmgr_init.obj
c:\users\jasmine\downloads\pointlight-main\directx\project\engine\x64\debug\assetmgr.obj
c:\users\jasmine\downloads\pointlight-main\directx\project\engine\x64\debug\asset.obj
c:\users\jasmine\downloads\pointlight-main\directx\project\engine\x64\debug\asprite.obj
c:\users\jasmine\downloads\pointlight-main\directx\project\engine\x64\debug\asound.obj
c:\users\jasmine\downloads\pointlight-main\directx\project\engine\x64\debug\asetcolorcs.obj
c:\users\jasmine\downloads\pointlight-main\directx\project\engine\x64\debug\araycastcs.obj
c:\users\jasmine\downloads\pointlight-main\directx\project\engine\x64\debug\aprefab.obj
c:\users\jasmine\downloads\pointlight-main\directx\project\engine\x64\debug\aparticletickcs.obj
c:\users\jasmine\downloads\pointlight-main\directx\project\engine\x64\debug\ameshdata.obj
c:\users\jasmine\downloads\pointlight-main\directx\project\engine\x64\debug\amesh.obj
c:\users\jasmine\downloads\pointlight-main\directx\project\engine\x64\debug\amaterial.obj
c:\users\jasmine\downloads\pointlight-main\directx\project\engine\x64\debug\aheightmapcs.obj
c:\users\jasmine\downloads\pointlight-main\directx\project\engine\x64\debug\agraphicshader.obj
c:\users\jasmine\downloads\pointlight-main\directx\project\engine\x64\debug\aflipbook.obj
c:\users\jasmine\downloads\pointlight-main\directx\project\engine\x64\debug\acomputeshader.obj
c:\users\jasmine\downloads\pointlight-main\directx\project\engine\x64\debug\abonematrixcs.obj
c:\users\jasmine\downloads\pointlight-main\directx\project\engine\x64\debug\entity.obj
c:\users\jasmine\downloads\pointlight-main\directx\project\engine\x64\debug\engine.obj
c:\users\jasmine\downloads\pointlight-main\directx\project\engine\x64\debug\device.obj
c:\users\jasmine\downloads\pointlight-main\directx\project\engine\x64\debug\cdecal.obj
c:\users\jasmine\downloads\pointlight-main\directx\project\engine\x64\debug\ctransform.obj
c:\users\jasmine\downloads\pointlight-main\directx\project\engine\x64\debug\ctilerender.obj
c:\users\jasmine\downloads\pointlight-main\directx\project\engine\x64\debug\cspriterender.obj
c:\users\jasmine\downloads\pointlight-main\directx\project\engine\x64\debug\cskybox.obj
c:\users\jasmine\downloads\pointlight-main\directx\project\engine\x64\debug\cscript.obj
c:\users\jasmine\downloads\pointlight-main\directx\project\engine\x64\debug\crendercomponent.obj
c:\users\jasmine\downloads\pointlight-main\directx\project\engine\x64\debug\cparticlerender.obj
c:\users\jasmine\downloads\pointlight-main\directx\project\engine\x64\debug\constbuffer.obj
c:\users\jasmine\downloads\pointlight-main\directx\project\engine\x64\debug\component.obj
c:\users\jasmine\downloads\pointlight-main\directx\project\engine\x64\debug\collisionmgr.obj
c:\users\jasmine\downloads\pointlight-main\directx\project\engine\x64\debug\cmeshrender.obj
c:\users\jasmine\downloads\pointlight-main\directx\project\engine\x64\debug\clight3d.obj
c:\users\jasmine\downloads\pointlight-main\directx\project\engine\x64\debug\clight2d.obj
c:\users\jasmine\downloads\pointlight-main\directx\project\engine\x64\debug\clandscape.obj
c:\users\jasmine\downloads\pointlight-main\directx\project\engine\x64\debug\cflipbookrender.obj
c:\users\jasmine\downloads\pointlight-main\directx\project\engine\x64\debug\ccollider2d.obj
c:\users\jasmine\downloads\pointlight-main\directx\project\engine\x64\debug\timemgr.obj
c:\users\jasmine\downloads\pointlight-main\directx\project\engine\x64\debug\taskmgr.obj
c:\users\jasmine\downloads\pointlight-main\directx\project\engine\x64\debug\structuredbuffer.obj
c:\users\jasmine\downloads\pointlight-main\directx\project\engine\x64\debug\rendermgr_init.obj
c:\users\jasmine\downloads\pointlight-main\directx\project\engine\x64\debug\rendermgr.obj
c:\users\jasmine\downloads\pointlight-main\directx\project\engine\x64\debug\pathmgr.obj
c:\users\jasmine\downloads\pointlight-main\directx\project\engine\x64\debug\mrt.obj
c:\users\jasmine\downloads\pointlight-main\directx\project\engine\x64\debug\levelmgr.obj
c:\users\jasmine\downloads\pointlight-main\directx\project\engine\x64\debug\level.obj
c:\users\jasmine\downloads\pointlight-main\directx\project\engine\x64\debug\layer.obj
c:\users\jasmine\downloads\pointlight-main\directx\project\engine\x64\debug\keymgr.obj
c:\users\jasmine\downloads\pointlight-main\directx\project\engine\x64\debug\gameobject.obj
c:\users\jasmine\downloads\pointlight-main\directx\project\engine\x64\debug\func.obj
c:\users\jasmine\downloads\pointlight-main\directx\project\engine\x64\debug\frustum.obj
c:\users\jasmine\downloads\pointlight-main\directx\project\engine\x64\debug\fontmgr.obj
c:\users\jasmine\downloads\pointlight-main\directx\project\engine\x64\debug\fbxloader.obj
c:\users\jasmine\downloads\pointlight-main\directx\project\engine\x64\debug\extern.obj
c:\users\jasmine\downloads\pointlight-main\directx\external\library\engine\bonemat.cso
c:\users\jasmine\downloads\pointlight-main\directx\external\library\engine\debug.cso
c:\users\jasmine\downloads\pointlight-main\directx\external\library\engine\decal.cso
c:\users\jasmine\downloads\pointlight-main\directx\external\library\engine\flipbook.cso
c:\users\jasmine\downloads\pointlight-main\directx\external\library\engine\func.cso
c:\users\jasmine\downloads\pointlight-main\directx\external\library\engine\heightmap.cso
c:\users\jasmine\downloads\pointlight-main\directx\external\library\engine\landscape.cso
c:\users\jasmine\downloads\pointlight-main\directx\external\library\engine\light.cso
c:\users\jasmine\downloads\pointlight-main\directx\external\library\engine\merge.cso
c:\users\jasmine\downloads\pointlight-main\directx\external\library\engine\particle.cso
c:\users\jasmine\downloads\pointlight-main\directx\external\library\engine\particle_tick.cso
c:\users\jasmine\downloads\pointlight-main\directx\external\library\engine\postprocess.cso
c:\users\jasmine\downloads\pointlight-main\directx\external\library\engine\raycast.cso
c:\users\jasmine\downloads\pointlight-main\directx\external\library\engine\shadowcubemap.cso
c:\users\jasmine\downloads\pointlight-main\directx\external\library\engine\shadowmap.cso
c:\users\jasmine\downloads\pointlight-main\directx\external\library\engine\skybox.cso
c:\users\jasmine\downloads\pointlight-main\directx\external\library\engine\sprite.cso
c:\users\jasmine\downloads\pointlight-main\directx\external\library\engine\std2d.cso
c:\users\jasmine\downloads\pointlight-main\directx\external\library\engine\std3d.cso
c:\users\jasmine\downloads\pointlight-main\directx\external\library\engine\std3d_deferred.cso
c:\users\jasmine\downloads\pointlight-main\directx\external\library\engine\struct.cso
c:\users\jasmine\downloads\pointlight-main\directx\external\library\engine\tesstest.cso
c:\users\jasmine\downloads\pointlight-main\directx\external\library\engine\test.cso
c:\users\jasmine\downloads\pointlight-main\directx\external\library\engine\tile.cso
c:\users\jasmine\downloads\pointlight-main\directx\external\library\engine\value.cso
c:\users\jasmine\downloads\pointlight-main\directx\external\library\engine\volumemesh.cso
c:\users\jasmine\downloads\pointlight-main\directx\external\library\engine\engine_d.lib
c:\users\jasmine\desktop\a\pointlightnormal\pointlight-main\directx\project\engine\x64\debug\abonematrixcs.obj
c:\users\jasmine\desktop\a\pointlightnormal\pointlight-main\directx\project\engine\x64\debug\acomputeshader.obj
c:\users\jasmine\desktop\a\pointlightnormal\pointlight-main\directx\project\engine\x64\debug\aflipbook.obj
c:\users\jasmine\desktop\a\pointlightnormal\pointlight-main\directx\project\engine\x64\debug\agraphicshader.obj
c:\users\jasmine\desktop\a\pointlightnormal\pointlight-main\directx\project\engine\x64\debug\aheightmapcs.obj
c:\users\jasmine\desktop\a\pointlightnormal\pointlight-main\directx\project\engine\x64\debug\amaterial.obj
c:\users\jasmine\desktop\a\pointlightnormal\pointlight-main\directx\project\engine\x64\debug\amesh.obj
c:\users\jasmine\desktop\a\pointlightnormal\pointlight-main\directx\project\engine\x64\debug\ameshdata.obj
c:\users\jasmine\desktop\a\pointlightnormal\pointlight-main\directx\project\engine\x64\debug\aparticletickcs.obj
c:\users\jasmine\desktop\a\pointlightnormal\pointlight-main\directx\project\engine\x64\debug\aprefab.obj
c:\users\jasmine\desktop\a\pointlightnormal\pointlight-main\directx\project\engine\x64\debug\araycastcs.obj
c:\users\jasmine\desktop\a\pointlightnormal\pointlight-main\directx\project\engine\x64\debug\asetcolorcs.obj
c:\users\jasmine\desktop\a\pointlightnormal\pointlight-main\directx\project\engine\x64\debug\asound.obj
c:\users\jasmine\desktop\a\pointlightnormal\pointlight-main\directx\project\engine\x64\debug\asprite.obj
c:\users\jasmine\desktop\a\pointlightnormal\pointlight-main\directx\project\engine\x64\debug\asset.obj
c:\users\jasmine\desktop\a\pointlightnormal\pointlight-main\directx\project\engine\x64\debug\assetmgr.obj
c:\users\jasmine\desktop\a\pointlightnormal\pointlight-main\directx\project\engine\x64\debug\assetmgr_init.obj
c:\users\jasmine\desktop\a\pointlightnormal\pointlight-main\directx\project\engine\x64\debug\atexture.obj
c:\users\jasmine\desktop\a\pointlightnormal\pointlight-main\directx\project\engine\x64\debug\canimator3d.obj
c:\users\jasmine\desktop\a\pointlightnormal\pointlight-main\directx\project\engine\x64\debug\ccamera.obj
c:\users\jasmine\desktop\a\pointlightnormal\pointlight-main\directx\project\engine\x64\debug\ccollider2d.obj
c:\users\jasmine\desktop\a\pointlightnormal\pointlight-main\directx\project\engine\x64\debug\cdecal.obj
c:\users\jasmine\desktop\a\pointlightnormal\pointlight-main\directx\project\engine\x64\debug\cflipbookrender.obj
c:\users\jasmine\desktop\a\pointlightnormal\pointlight-main\directx\project\engine\x64\debug\clandscape.obj
c:\users\jasmine\desktop\a\pointlightnormal\pointlight-main\directx\project\engine\x64\debug\clight2d.obj
c:\users\jasmine\desktop\a\pointlightnormal\pointlight-main\directx\project\engine\x64\debug\clight3d.obj
c:\users\jasmine\desktop\a\pointlightnormal\pointlight-main\directx\project\engine\x64\debug\cmeshrender.obj
c:\users\jasmine\desktop\a\pointlightnormal\pointlight-main\directx\project\engine\x64\debug\collisionmgr.obj
c:\users\jasmine\desktop\a\pointlightnormal\pointlight-main\directx\project\engine\x64\debug\component.obj
c:\users\jasmine\desktop\a\pointlightnormal\pointlight-main\directx\project\engine\x64\debug\constbuffer.obj
c:\users\jasmine\desktop\a\pointlightnormal\pointlight-main\directx\project\engine\x64\debug\cparticlerender.obj
c:\users\jasmine\desktop\a\pointlightnormal\pointlight-main\directx\project\engine\x64\debug\crendercomponent.obj
c:\users\jasmine\desktop\a\pointlightnormal\pointlight-main\directx\project\engine\x64\debug\cscript.obj
c:\users\jasmine\desktop\a\pointlightnormal\pointlight-main\directx\project\engine\x64\debug\cskybox.obj
c:\users\jasmine\desktop\a\pointlightnormal\pointlight-main\directx\project\engine\x64\debug\cspriterender.obj
c:\users\jasmine\desktop\a\pointlightnormal\pointlight-main\directx\project\engine\x64\debug\ctilerender.obj
c:\users\jasmine\desktop\a\pointlightnormal\pointlight-main\directx\project\engine\x64\debug\ctransform.obj
c:\users\jasmine\desktop\a\pointlightnormal\pointlight-main\directx\project\engine\x64\debug\device.obj
c:\users\jasmine\desktop\a\pointlightnormal\pointlight-main\directx\project\engine\x64\debug\engine.obj
c:\users\jasmine\desktop\a\pointlightnormal\pointlight-main\directx\project\engine\x64\debug\entity.obj
c:\users\jasmine\desktop\a\pointlightnormal\pointlight-main\directx\project\engine\x64\debug\extern.obj
c:\users\jasmine\desktop\a\pointlightnormal\pointlight-main\directx\project\engine\x64\debug\fbxloader.obj
c:\users\jasmine\desktop\a\pointlightnormal\pointlight-main\directx\project\engine\x64\debug\fontmgr.obj
c:\users\jasmine\desktop\a\pointlightnormal\pointlight-main\directx\project\engine\x64\debug\frustum.obj
c:\users\jasmine\desktop\a\pointlightnormal\pointlight-main\directx\project\engine\x64\debug\func.obj
c:\users\jasmine\desktop\a\pointlightnormal\pointlight-main\directx\project\engine\x64\debug\gameobject.obj
c:\users\jasmine\desktop\a\pointlightnormal\pointlight-main\directx\project\engine\x64\debug\keymgr.obj
c:\users\jasmine\desktop\a\pointlightnormal\pointlight-main\directx\project\engine\x64\debug\layer.obj
c:\users\jasmine\desktop\a\pointlightnormal\pointlight-main\directx\project\engine\x64\debug\level.obj
c:\users\jasmine\desktop\a\pointlightnormal\pointlight-main\directx\project\engine\x64\debug\levelmgr.obj
c:\users\jasmine\desktop\a\pointlightnormal\pointlight-main\directx\project\engine\x64\debug\mrt.obj
c:\users\jasmine\desktop\a\pointlightnormal\pointlight-main\directx\project\engine\x64\debug\pathmgr.obj
c:\users\jasmine\desktop\a\pointlightnormal\pointlight-main\directx\project\engine\x64\debug\pch.obj
c:\users\jasmine\desktop\a\pointlightnormal\pointlight-main\directx\project\engine\x64\debug\rendermgr.obj
c:\users\jasmine\desktop\a\pointlightnormal\pointlight-main\directx\project\engine\x64\debug\rendermgr_init.obj
c:\users\jasmine\desktop\a\pointlightnormal\pointlight-main\directx\project\engine\x64\debug\structuredbuffer.obj
c:\users\jasmine\desktop\a\pointlightnormal\pointlight-main\directx\project\engine\x64\debug\taskmgr.obj
c:\users\jasmine\desktop\a\pointlightnormal\pointlight-main\directx\project\engine\x64\debug\timemgr.obj
c:\users\jasmine\desktop\a\pointlightnormal\pointlight-main\directx\project\engine\x64\debug\engine_d.pch
c:\users\jasmine\desktop\a\pointlightnormal\pointlight-main\directx\external\library\engine\engine_d.pdb
c:\users\jasmine\desktop\a\pointlightnormal\pointlight-main\directx\external\library\engine\engine_d.lib
c:\users\jasmine\desktop\a\pointlightnormal\pointlight-main\directx\project\engine\x64\debug\engine.tlog\cl.command.1.tlog
c:\users\jasmine\desktop\a\pointlightnormal\pointlight-main\directx\project\engine\x64\debug\engine.tlog\cl.items.tlog
c:\users\jasmine\desktop\a\pointlightnormal\pointlight-main\directx\project\engine\x64\debug\engine.tlog\cl.read.1.tlog
c:\users\jasmine\desktop\a\pointlightnormal\pointlight-main\directx\project\engine\x64\debug\engine.tlog\cl.write.1.tlog
c:\users\jasmine\desktop\a\pointlightnormal\pointlight-main\directx\project\engine\x64\debug\engine.tlog\fxc.command.1.tlog
c:\users\jasmine\desktop\a\pointlightnormal\pointlight-main\directx\project\engine\x64\debug\engine.tlog\fxc.read.1.tlog
c:\users\jasmine\desktop\a\pointlightnormal\pointlight-main\directx\project\engine\x64\debug\engine.tlog\fxc.write.1.tlog
c:\users\jasmine\desktop\a\pointlightnormal\pointlight-main\directx\project\engine\x64\debug\engine.tlog\lib-link.read.1.tlog
c:\users\jasmine\desktop\a\pointlightnormal\pointlight-main\directx\project\engine\x64\debug\engine.tlog\lib-link.write.1.tlog
c:\users\jasmine\desktop\a\pointlightnormal\pointlight-main\directx\project\engine\x64\debug\engine.tlog\lib.command.1.tlog
